// Jest Snapshot v1, https://goo.gl/fbAQLP

exports[`should render Filter 1`] = `""`;
