// Jest Snapshot v1, https://goo.gl/fbAQLP

exports[`should render Header 1`] = `
<div
  style={
    Object {
      "border": "1px solid tomato",
    }
  }
>
  <h1>
    Header
  </h1>
</div>
`;
