// Jest Snapshot v1, https://goo.gl/fbAQLP

exports[`should render HotelListItem 1`] = `
<div
  style={
    Object {
      "border": "1px solid tomato",
    }
  }
>
  <h1>
    Nav
  </h1>
</div>
`;
